PS C:\Users\user\Desktop\IT\GitHub\shinnk-ks> git --version
git version 2.47.0.windows.1
PS C:\Users\user\Desktop\IT\GitHub\shinnk-ks> git config --global user.name "SHINNK-KS"  
PS C:\Users\user\Desktop\IT\GitHub\shinnk-ks> git config --global user.email "izumiyou963@gmail.com"
PS C:\Users\user\Desktop\IT\GitHub\shinnk-ks> cd C:\Users\user\Desktop\IT\GitHub\shinnk-ks\git_challenge
PS C:\Users\user\Desktop\IT\GitHub\shinnk-ks\git_challenge> git init
Initialized empty Git repository in C:/Users/user/Desktop/IT/GitHub/shinnk-ks/git_challenge/.git/
PS C:\Users\user\Desktop\IT\GitHub\shinnk-ks\git_challenge> git status
On branch main

No commits yet

Untracked files:
  (use "git add <file>..." to include in what will be committed)
        hello_world.txt

nothing added to commit but untracked files present (use "git add" to track)
PS C:\Users\user\Desktop\IT\GitHub\shinnk-ks\git_challenge> git add .
PS C:\Users\user\Desktop\IT\GitHub\shinnk-ks\git_challenge> git status    
On branch main

No commits yet

Changes to be committed:
  (use "git rm --cached <file>..." to unstage)
        new file:   hello_world.txt

PS C:\Users\user\Desktop\IT\GitHub\shinnk-ks\git_challenge> git commit -m "hello_world.txtを追加"
[main (root-commit) df5013b] hello_world.txtを追加
 1 file changed, 2 insertions(+)
 create mode 100644 hello_world.txt
PS C:\Users\user\Desktop\IT\GitHub\shinnk-ks\git_challenge> git status
On branch main
Changes not staged for commit:
  (use "git add <file>..." to update what will be committed)
  (use "git restore <file>..." to discard changes in working directory)
        modified:   hello_world.txt

no changes added to commit (use "git add" and/or "git commit -a")
PS C:\Users\user\Desktop\IT\GitHub\shinnk-ks\git_challenge> git add hello_world.txt
PS C:\Users\user\Desktop\IT\GitHub\shinnk-ks\git_challenge> git status
On branch main
Changes to be committed:
  (use "git restore --staged <file>..." to unstage)
        modified:   hello_world.txt

PS C:\Users\user\Desktop\IT\GitHub\shinnk-ks\git_challenge> git commit -m "日本語訳を追記"
[main ff44ad6] 日本語訳を追記
 1 file changed, 1 insertion(+), 1 deletion(-)
PS C:\Users\user\Desktop\IT\GitHub\shinnk-ks\git_challenge> git lod --oneline
git: 'lod' is not a git command. See 'git --help'.

The most similar command is
        log
PS C:\Users\user\Desktop\IT\GitHub\shinnk-ks\git_challenge> git log --oneline
ff44ad6 (HEAD -> main) 日本語訳を追記
df5013b hello_world.txtを追加
PS C:\Users\user\Desktop\IT\GitHub\shinnk-ks\git_challenge>